// Jest Snapshot v1, https://goo.gl/fbAQLP

exports[`renders and matches snapshot 1`] = `
<DocumentFragment>
  <main
    class="main"
  >
    <h1
      class="hero"
      style="text-transform: uppercase;"
    >
      Weather App
    </h1>
    <section
      aria-labelledby="city-current-weather-search-header"
      class="search-section"
    >
      <h2
        class="subheader"
        id="city-current-weather-search-header"
        style="text-transform: none;"
      >
        Search for the current weather by city name
      </h2>
      <form
        id="location"
        name="location"
        placeholder="City name"
      />
    </section>
  </main>
</DocumentFragment>
`;
